[05:17:36] [ServerMain/INFO]: Environment: Environment[sessionHost=https://sessionserver.mojang.com, servicesHost=https://api.minecraftservices.com, profilesHost=https://api.mojang.com, name=PROD]
[05:17:37] [Worker-Main-1/INFO]: No existing world data, creating new world
[05:17:38] [ServerMain/INFO]: Loaded 1515 recipes
[05:17:38] [ServerMain/INFO]: Loaded 1617 advancements
[05:17:38] [Server thread/INFO]: Starting minecraft server version 26.1.2
[05:17:38] [Server thread/INFO]: Loading properties
[05:17:38] [Server thread/INFO]: Default game type: SURVIVAL
[05:17:38] [Server thread/INFO]: Generating keypair
[05:17:38] [Server thread/INFO]: Starting Minecraft server on *:25565
[05:17:39] [Server thread/WARN]: **** SERVER IS RUNNING IN OFFLINE/INSECURE MODE!
[05:17:39] [Server thread/WARN]: The server will make no attempt to authenticate usernames. Beware.
[05:17:39] [Server thread/WARN]: While this makes the game possible to play without internet access, it also opens up the ability for hackers to connect with any username they choose.
[05:17:39] [Server thread/WARN]: To change this, set "online-mode" to "true" in the server.properties file.
[05:17:39] [Server thread/INFO]: Preparing level "world"
[05:17:39] [Server thread/INFO]: Selecting global world spawn...
[05:17:45] [Server thread/INFO]: Loading 0 persistent chunks...
[05:17:45] [Server thread/INFO]: Preparing spawn area: 100%
[05:17:45] [Server thread/INFO]: Time elapsed: 6353 ms
[05:17:45] [Server thread/INFO]: Done (6.724s)! For help, type "help"
[05:17:45] [Server thread/INFO]: Saving chunks for level 'ServerLevel[world]'/minecraft:overworld
[05:17:45] [Server thread/INFO]: Saving chunks for level 'ServerLevel[world]'/minecraft:the_end
[05:17:45] [Server thread/INFO]: Saving chunks for level 'ServerLevel[world]'/minecraft:the_nether
[05:17:45] [Server thread/INFO]: ThreadedAnvilChunkStorage (world): All chunks are saved
[05:17:45] [Server thread/INFO]: ThreadedAnvilChunkStorage (DIM1): All chunks are saved
[05:17:45] [Server thread/INFO]: ThreadedAnvilChunkStorage (DIM-1): All chunks are saved
[05:17:45] [Server thread/INFO]: ThreadedAnvilChunkStorage: All dimensions are saved
[05:18:45] [Server thread/INFO]: Server empty for 60 seconds, pausing
